Archive member included to satisfy reference by file (symbol)

c:/st/stm32cubeide_1.7.0/stm32cubeide/plugins/com.st.stm32cube.ide.mcu.externaltools.gnu-tools-for-stm32.9-2020-q2-update.win32_2.0.0.202105311346/tools/bin/../lib/gcc/arm-none-eabi/9.3.1/../../../../arm-none-eabi/lib/thumb/v7e-m+fp/hard\libc_nano.a(lib_a-errno.o)
                              ./Core/Src/syscalls.o (__errno)
c:/st/stm32cubeide_1.7.0/stm32cubeide/plugins/com.st.stm32cube.ide.mcu.externaltools.gnu-tools-for-stm32.9-2020-q2-update.win32_2.0.0.202105311346/tools/bin/../lib/gcc/arm-none-eabi/9.3.1/../../../../arm-none-eabi/lib/thumb/v7e-m+fp/hard\libc_nano.a(lib_a-exit.o)
                              c:/st/stm32cubeide_1.7.0/stm32cubeide/plugins/com.st.stm32cube.ide.mcu.externaltools.gnu-tools-for-stm32.9-2020-q2-update.win32_2.0.0.202105311346/tools/bin/../lib/gcc/arm-none-eabi/9.3.1/../../../../arm-none-eabi/lib/thumb/v7e-m+fp/hard/crt0.o (exit)
c:/st/stm32cubeide_1.7.0/stm32cubeide/plugins/com.st.stm32cube.ide.mcu.externaltools.gnu-tools-for-stm32.9-2020-q2-update.win32_2.0.0.202105311346/tools/bin/../lib/gcc/arm-none-eabi/9.3.1/../../../../arm-none-eabi/lib/thumb/v7e-m+fp/hard\libc_nano.a(lib_a-impure.o)
                              c:/st/stm32cubeide_1.7.0/stm32cubeide/plugins/com.st.stm32cube.ide.mcu.externaltools.gnu-tools-for-stm32.9-2020-q2-update.win32_2.0.0.202105311346/tools/bin/../lib/gcc/arm-none-eabi/9.3.1/../../../../arm-none-eabi/lib/thumb/v7e-m+fp/hard\libc_nano.a(lib_a-exit.o) (_global_impure_ptr)
c:/st/stm32cubeide_1.7.0/stm32cubeide/plugins/com.st.stm32cube.ide.mcu.externaltools.gnu-tools-for-stm32.9-2020-q2-update.win32_2.0.0.202105311346/tools/bin/../lib/gcc/arm-none-eabi/9.3.1/../../../../arm-none-eabi/lib/thumb/v7e-m+fp/hard\libc_nano.a(lib_a-init.o)
                              c:/st/stm32cubeide_1.7.0/stm32cubeide/plugins/com.st.stm32cube.ide.mcu.externaltools.gnu-tools-for-stm32.9-2020-q2-update.win32_2.0.0.202105311346/tools/bin/../lib/gcc/arm-none-eabi/9.3.1/../../../../arm-none-eabi/lib/thumb/v7e-m+fp/hard/crt0.o (__libc_init_array)
c:/st/stm32cubeide_1.7.0/stm32cubeide/plugins/com.st.stm32cube.ide.mcu.externaltools.gnu-tools-for-stm32.9-2020-q2-update.win32_2.0.0.202105311346/tools/bin/../lib/gcc/arm-none-eabi/9.3.1/../../../../arm-none-eabi/lib/thumb/v7e-m+fp/hard\libc_nano.a(lib_a-memset.o)
                              c:/st/stm32cubeide_1.7.0/stm32cubeide/plugins/com.st.stm32cube.ide.mcu.externaltools.gnu-tools-for-stm32.9-2020-q2-update.win32_2.0.0.202105311346/tools/bin/../lib/gcc/arm-none-eabi/9.3.1/../../../../arm-none-eabi/lib/thumb/v7e-m+fp/hard/crt0.o (memset)
c:/st/stm32cubeide_1.7.0/stm32cubeide/plugins/com.st.stm32cube.ide.mcu.externaltools.gnu-tools-for-stm32.9-2020-q2-update.win32_2.0.0.202105311346/tools/bin/../lib/gcc/arm-none-eabi/9.3.1/thumb/v7e-m+fp/hard\libgcc.a(_arm_muldf3.o)
                              ./Core/Src/formula.o (__aeabi_dmul)
c:/st/stm32cubeide_1.7.0/stm32cubeide/plugins/com.st.stm32cube.ide.mcu.externaltools.gnu-tools-for-stm32.9-2020-q2-update.win32_2.0.0.202105311346/tools/bin/../lib/gcc/arm-none-eabi/9.3.1/thumb/v7e-m+fp/hard\libgcc.a(_arm_addsubdf3.o)
                              ./Core/Src/formula.o (__aeabi_dsub)
c:/st/stm32cubeide_1.7.0/stm32cubeide/plugins/com.st.stm32cube.ide.mcu.externaltools.gnu-tools-for-stm32.9-2020-q2-update.win32_2.0.0.202105311346/tools/bin/../lib/gcc/arm-none-eabi/9.3.1/thumb/v7e-m+fp/hard\libgcc.a(_arm_muldivdf3.o)
                              ./Core/Src/formula.o (__aeabi_ddiv)
c:/st/stm32cubeide_1.7.0/stm32cubeide/plugins/com.st.stm32cube.ide.mcu.externaltools.gnu-tools-for-stm32.9-2020-q2-update.win32_2.0.0.202105311346/tools/bin/../lib/gcc/arm-none-eabi/9.3.1/thumb/v7e-m+fp/hard\libgcc.a(_arm_cmpdf2.o)
                              ./Core/Src/formula.o (__aeabi_dcmplt)
c:/st/stm32cubeide_1.7.0/stm32cubeide/plugins/com.st.stm32cube.ide.mcu.externaltools.gnu-tools-for-stm32.9-2020-q2-update.win32_2.0.0.202105311346/tools/bin/../lib/gcc/arm-none-eabi/9.3.1/thumb/v7e-m+fp/hard\libgcc.a(_arm_fixunsdfsi.o)
                              ./Core/Src/formula.o (__aeabi_d2uiz)

Allocating common symbols
Common symbol       size              file

uwTick              0x4               ./Drivers/STM32F3xx_HAL_Driver/Src/stm32f3xx_hal.o
pFlash              0x20              ./Drivers/STM32F3xx_HAL_Driver/Src/stm32f3xx_hal_flash.o
adc_value           0x8               ./Core/Src/main.o
hadc1               0x50              ./Core/Src/main.o
hdma_adc1           0x44              ./Core/Src/main.o
htim1               0x4c              ./Core/Src/main.o

Discarded input sections

 .text          0x0000000000000000        0x0 c:/st/stm32cubeide_1.7.0/stm32cubeide/plugins/com.st.stm32cube.ide.mcu.externaltools.gnu-tools-for-stm32.9-2020-q2-update.win32_2.0.0.202105311346/tools/bin/../lib/gcc/arm-none-eabi/9.3.1/thumb/v7e-m+fp/hard/crti.o
[...]
Memory Configuration

Name             Origin             Length             Attributes
CCMRAM           0x0000000010000000 0x0000000000001000 xrw
RAM              0x0000000020000000 0x0000000000003000 xrw
FLASH            0x0000000008000000 0x0000000000010000 xr
*default*        0x0000000000000000 0xffffffffffffffff

Linker script and memory map

LOAD c:/st/stm32cubeide_1.7.0/stm32cubeide/plugins/com.st.stm32cube.ide.mcu.externaltools.gnu-tools-for-stm32.9-2020-q2-update.win32_2.0.0.202105311346/tools/bin/../lib/gcc/arm-none-eabi/9.3.1/thumb/v7e-m+fp/hard/crti.o
LOAD c:/st/stm32cubeide_1.7.0/stm32cubeide/plugins/com.st.stm32cube.ide.mcu.externaltools.gnu-tools-for-stm32.9-2020-q2-update.win32_2.0.0.202105311346/tools/bin/../lib/gcc/arm-none-eabi/9.3.1/thumb/v7e-m+fp/hard/crtbegin.o
LOAD c:/st/stm32cubeide_1.7.0/stm32cubeide/plugins/com.st.stm32cube.ide.mcu.externaltools.gnu-tools-for-stm32.9-2020-q2-update.win32_2.0.0.202105311346/tools/bin/../lib/gcc/arm-none-eabi/9.3.1/../../../../arm-none-eabi/lib/thumb/v7e-m+fp/hard/crt0.o
LOAD ./Core/Src/formula.o
LOAD ./Core/Src/main.o
LOAD ./Core/Src/stm32f3xx_hal_msp.o
LOAD ./Core/Src/stm32f3xx_it.o
LOAD ./Core/Src/syscalls.o
LOAD ./Core/Src/sysmem.o
LOAD ./Core/Src/system_stm32f3xx.o
LOAD ./Core/Startup/startup_stm32f334r8tx.o
LOAD ./Drivers/STM32F3xx_HAL_Driver/Src/stm32f3xx_hal.o
LOAD ./Drivers/STM32F3xx_HAL_Driver/Src/stm32f3xx_hal_adc.o
LOAD ./Drivers/STM32F3xx_HAL_Driver/Src/stm32f3xx_hal_adc_ex.o
LOAD ./Drivers/STM32F3xx_HAL_Driver/Src/stm32f3xx_hal_cortex.o
LOAD ./Drivers/STM32F3xx_HAL_Driver/Src/stm32f3xx_hal_dma.o
LOAD ./Drivers/STM32F3xx_HAL_Driver/Src/stm32f3xx_hal_exti.o
LOAD ./Drivers/STM32F3xx_HAL_Driver/Src/stm32f3xx_hal_flash.o
LOAD ./Drivers/STM32F3xx_HAL_Driver/Src/stm32f3xx_hal_flash_ex.o
LOAD ./Drivers/STM32F3xx_HAL_Driver/Src/stm32f3xx_hal_gpio.o
LOAD ./Drivers/STM32F3xx_HAL_Driver/Src/stm32f3xx_hal_i2c.o
LOAD ./Drivers/STM32F3xx_HAL_Driver/Src/stm32f3xx_hal_i2c_ex.o
LOAD ./Drivers/STM32F3xx_HAL_Driver/Src/stm32f3xx_hal_pwr.o
LOAD ./Drivers/STM32F3xx_HAL_Driver/Src/stm32f3xx_hal_pwr_ex.o
LOAD ./Drivers/STM32F3xx_HAL_Driver/Src/stm32f3xx_hal_rcc.o
LOAD ./Drivers/STM32F3xx_HAL_Driver/Src/stm32f3xx_hal_rcc_ex.o
LOAD ./Drivers/STM32F3xx_HAL_Driver/Src/stm32f3xx_hal_tim.o
LOAD ./Drivers/STM32F3xx_HAL_Driver/Src/stm32f3xx_hal_tim_ex.o
START GROUP
LOAD c:/st/stm32cubeide_1.7.0/stm32cubeide/plugins/com.st.stm32cube.ide.mcu.externaltools.gnu-tools-for-stm32.9-2020-q2-update.win32_2.0.0.202105311346/tools/bin/../lib/gcc/arm-none-eabi/9.3.1/../../../../arm-none-eabi/lib/thumb/v7e-m+fp/hard\libc_nano.a
LOAD c:/st/stm32cubeide_1.7.0/stm32cubeide/plugins/com.st.stm32cube.ide.mcu.externaltools.gnu-tools-for-stm32.9-2020-q2-update.win32_2.0.0.202105311346/tools/bin/../lib/gcc/arm-none-eabi/9.3.1/../../../../arm-none-eabi/lib/thumb/v7e-m+fp/hard\libm.a
END GROUP
START GROUP
LOAD c:/st/stm32cubeide_1.7.0/stm32cubeide/plugins/com.st.stm32cube.ide.mcu.externaltools.gnu-tools-for-stm32.9-2020-q2-update.win32_2.0.0.202105311346/tools/bin/../lib/gcc/arm-none-eabi/9.3.1/thumb/v7e-m+fp/hard\libgcc.a
LOAD c:/st/stm32cubeide_1.7.0/stm32cubeide/plugins/com.st.stm32cube.ide.mcu.externaltools.gnu-tools-for-stm32.9-2020-q2-update.win32_2.0.0.202105311346/tools/bin/../lib/gcc/arm-none-eabi/9.3.1/../../../../arm-none-eabi/lib/thumb/v7e-m+fp/hard\libc_nano.a
END GROUP
START GROUP
LOAD c:/st/stm32cubeide_1.7.0/stm32cubeide/plugins/com.st.stm32cube.ide.mcu.externaltools.gnu-tools-for-stm32.9-2020-q2-update.win32_2.0.0.202105311346/tools/bin/../lib/gcc/arm-none-eabi/9.3.1/thumb/v7e-m+fp/hard\libgcc.a
LOAD c:/st/stm32cubeide_1.7.0/stm32cubeide/plugins/com.st.stm32cube.ide.mcu.externaltools.gnu-tools-for-stm32.9-2020-q2-update.win32_2.0.0.202105311346/tools/bin/../lib/gcc/arm-none-eabi/9.3.1/../../../../arm-none-eabi/lib/thumb/v7e-m+fp/hard\libc_nano.a
LOAD c:/st/stm32cubeide_1.7.0/stm32cubeide/plugins/com.st.stm32cube.ide.mcu.externaltools.gnu-tools-for-stm32.9-2020-q2-update.win32_2.0.0.202105311346/tools/bin/../lib/gcc/arm-none-eabi/9.3.1/../../../../arm-none-eabi/lib/thumb/v7e-m+fp/hard\libnosys.a
END GROUP
START GROUP
LOAD c:/st/stm32cubeide_1.7.0/stm32cubeide/plugins/com.st.stm32cube.ide.mcu.externaltools.gnu-tools-for-stm32.9-2020-q2-update.win32_2.0.0.202105311346/tools/bin/../lib/gcc/arm-none-eabi/9.3.1/thumb/v7e-m+fp/hard\libgcc.a
LOAD c:/st/stm32cubeide_1.7.0/stm32cubeide/plugins/com.st.stm32cube.ide.mcu.externaltools.gnu-tools-for-stm32.9-2020-q2-update.win32_2.0.0.202105311346/tools/bin/../lib/gcc/arm-none-eabi/9.3.1/../../../../arm-none-eabi/lib/thumb/v7e-m+fp/hard\libc_nano.a
LOAD c:/st/stm32cubeide_1.7.0/stm32cubeide/plugins/com.st.stm32cube.ide.mcu.externaltools.gnu-tools-for-stm32.9-2020-q2-update.win32_2.0.0.202105311346/tools/bin/../lib/gcc/arm-none-eabi/9.3.1/../../../../arm-none-eabi/lib/thumb/v7e-m+fp/hard\libnosys.a
END GROUP
LOAD c:/st/stm32cubeide_1.7.0/stm32cubeide/plugins/com.st.stm32cube.ide.mcu.externaltools.gnu-tools-for-stm32.9-2020-q2-update.win32_2.0.0.202105311346/tools/bin/../lib/gcc/arm-none-eabi/9.3.1/thumb/v7e-m+fp/hard/crtend.o
LOAD c:/st/stm32cubeide_1.7.0/stm32cubeide/plugins/com.st.stm32cube.ide.mcu.externaltools.gnu-tools-for-stm32.9-2020-q2-update.win32_2.0.0.202105311346/tools/bin/../lib/gcc/arm-none-eabi/9.3.1/thumb/v7e-m+fp/hard/crtn.o
                0x0000000020003000                _estack = (ORIGIN (RAM) + LENGTH (RAM))
                0x0000000000000200                _Min_Heap_Size = 0x200
                0x0000000000000400                _Min_Stack_Size = 0x400

.isr_vector     0x0000000008000000      0x188
                0x0000000008000000                . = ALIGN (0x4)
 *(.isr_vector)
 .isr_vector    0x0000000008000000      0x188 ./Core/Startup/startup_stm32f334r8tx.o
                0x0000000008000000                g_pfnVectors
                0x0000000008000188                . = ALIGN (0x4)

.text           0x0000000008000188     0x4f08
                0x0000000008000188                . = ALIGN (0x4)
 *(.text)
 .text          0x0000000008000188       0x40 c:/st/stm32cubeide_1.7.0/stm32cubeide/plugins/com.st.stm32cube.ide.mcu.externaltools.gnu-tools-for-stm32.9-2020-q2-update.win32_2.0.0.202105311346/tools/bin/../lib/gcc/arm-none-eabi/9.3.1/thumb/v7e-m+fp/hard/crtbegin.o
 .text          0x00000000080001c8      0x378 c:/st/stm32cubeide_1.7.0/stm32cubeide/plugins/com.st.stm32cube.ide.mcu.externaltools.gnu-tools-for-stm32.9-2020-q2-update.win32_2.0.0.202105311346/tools/bin/../lib/gcc/arm-none-eabi/9.3.1/thumb/v7e-m+fp/hard\libgcc.a(_arm_addsubdf3.o)
                0x00000000080001c8                __aeabi_drsub
                0x00000000080001d0                __aeabi_dsub
                0x00000000080001d0                __subdf3
                0x00000000080001d4                __aeabi_dadd
                0x00000000080001d4                __adddf3
                0x000000000800044c                __floatunsidf
                0x000000000800044c                __aeabi_ui2d
                0x000000000800046c                __floatsidf
                0x000000000800046c                __aeabi_i2d
                0x0000000008000490                __aeabi_f2d
                0x0000000008000490                __extendsfdf2
                0x00000000080004d4                __floatundidf
                0x00000000080004d4                __aeabi_ul2d
                0x00000000080004e4                __floatdidf
                0x00000000080004e4                __aeabi_l2d
 .text          0x0000000008000540      0x424 c:/st/stm32cubeide_1.7.0/stm32cubeide/plugins/com.st.stm32cube.ide.mcu.externaltools.gnu-tools-for-stm32.9-2020-q2-update.win32_2.0.0.202105311346/tools/bin/../lib/gcc/arm-none-eabi/9.3.1/thumb/v7e-m+fp/hard\libgcc.a(_arm_muldivdf3.o)
                0x0000000008000540                __aeabi_dmul
                0x0000000008000540                __muldf3
                0x0000000008000794                __divdf3
                0x0000000008000794                __aeabi_ddiv
 .text          0x0000000008000964      0x110 c:/st/stm32cubeide_1.7.0/stm32cubeide/plugins/com.st.stm32cube.ide.mcu.externaltools.gnu-tools-for-stm32.9-2020-q2-update.win32_2.0.0.202105311346/tools/bin/../lib/gcc/arm-none-eabi/9.3.1/thumb/v7e-m+fp/hard\libgcc.a(_arm_cmpdf2.o)
                0x0000000008000964                __gtdf2
                0x0000000008000964                __gedf2
                0x000000000800096c                __ltdf2
                0x000000000800096c                __ledf2
                0x0000000008000974                __nedf2
                0x0000000008000974                __eqdf2
                0x0000000008000974                __cmpdf2
                0x00000000080009f0                __aeabi_cdrcmple
                0x0000000008000a00                __aeabi_cdcmpeq
                0x0000000008000a00                __aeabi_cdcmple
                0x0000000008000a10                __aeabi_dcmpeq
                0x0000000008000a24                __aeabi_dcmplt
                0x0000000008000a38                __aeabi_dcmple
                0x0000000008000a4c                __aeabi_dcmpge
                0x0000000008000a60                __aeabi_dcmpgt
 .text          0x0000000008000a74       0x40 c:/st/stm32cubeide_1.7.0/stm32cubeide/plugins/com.st.stm32cube.ide.mcu.externaltools.gnu-tools-for-stm32.9-2020-q2-update.win32_2.0.0.202105311346/tools/bin/../lib/gcc/arm-none-eabi/9.3.1/thumb/v7e-m+fp/hard\libgcc.a(_arm_fixunsdfsi.o)
                0x0000000008000a74                __aeabi_d2uiz
                0x0000000008000a74                __fixunsdfsi
 *(.text*)
 .text.z1Value  0x0000000008000ab4       0xd4 ./Core/Src/formula.o
 .text.z2Value  0x0000000008000b88       0xd4 ./Core/Src/formula.o
 .text.z3Value  0x0000000008000c5c       0xd4 ./Core/Src/formula.o
 .text.xValue   0x0000000008000d30       0x44 ./Core/Src/formula.o
 .text.yValue   0x0000000008000d74       0x30 ./Core/Src/formula.o
 .text.u0Value  0x0000000008000da4       0x2e ./Core/Src/formula.o
 .text.uValue   0x0000000008000dd2       0x42 ./Core/Src/formula.o
 .text.mapTimer
                0x0000000008000e14       0x40 ./Core/Src/formula.o
                0x0000000008000e14                mapTimer
 .text.CALCULATOR
                0x0000000008000e54      0x108 ./Core/Src/formula.o
                0x0000000008000e54                CALCULATOR
 .text.TIM_SET_PERIOD
                0x0000000008000f5c       0x28 ./Core/Src/main.o
                0x0000000008000f5c                TIM_SET_PERIOD
 .text.main     0x0000000008000f84       0x5c ./Core/Src/main.o
                0x0000000008000f84                main
 .text.SystemClock_Config
                0x0000000008000fe0       0xc2 ./Core/Src/main.o
                0x0000000008000fe0                SystemClock_Config
 *fill*         0x00000000080010a2        0x2 
 .text.MX_ADC1_Init
                0x00000000080010a4       0xe0 ./Core/Src/main.o
 .text.MX_TIM1_Init
                0x0000000008001184      0x120 ./Core/Src/main.o
 .text.MX_DMA_Init
                0x00000000080012a4       0x3c ./Core/Src/main.o
 .text.MX_GPIO_Init
                0x00000000080012e0       0xf0 ./Core/Src/main.o
 .text.Error_Handler
                0x00000000080013d0        0xa ./Core/Src/main.o
                0x00000000080013d0                Error_Handler
 *fill*         0x00000000080013da        0x2 
 .text.HAL_MspInit
                0x00000000080013dc       0x48 ./Core/Src/stm32f3xx_hal_msp.o
                0x00000000080013dc                HAL_MspInit
 .text.HAL_ADC_MspInit
                0x0000000008001424       0xd0 ./Core/Src/stm32f3xx_hal_msp.o
                0x0000000008001424                HAL_ADC_MspInit
 .text.HAL_TIM_PWM_MspInit
                0x00000000080014f4       0x40 ./Core/Src/stm32f3xx_hal_msp.o
                0x00000000080014f4                HAL_TIM_PWM_MspInit
 .text.HAL_TIM_MspPostInit
                0x0000000008001534       0x70 ./Core/Src/stm32f3xx_hal_msp.o
                0x0000000008001534                HAL_TIM_MspPostInit
 .text.NMI_Handler
                0x00000000080015a4        0x6 ./Core/Src/stm32f3xx_it.o
                0x00000000080015a4                NMI_Handler
 .text.HardFault_Handler
                0x00000000080015aa        0x6 ./Core/Src/stm32f3xx_it.o
                0x00000000080015aa                HardFault_Handler
 .text.MemManage_Handler
                0x00000000080015b0        0x6 ./Core/Src/stm32f3xx_it.o
                0x00000000080015b0                MemManage_Handler
 .text.BusFault_Handler
                0x00000000080015b6        0x6 ./Core/Src/stm32f3xx_it.o
                0x00000000080015b6                BusFault_Handler
 .text.UsageFault_Handler
                0x00000000080015bc        0x6 ./Core/Src/stm32f3xx_it.o
                0x00000000080015bc                UsageFault_Handler
 .text.SVC_Handler
                0x00000000080015c2        0xe ./Core/Src/stm32f3xx_it.o
                0x00000000080015c2                SVC_Handler
 .text.DebugMon_Handler
                0x00000000080015d0        0xe ./Core/Src/stm32f3xx_it.o
                0x00000000080015d0                DebugMon_Handler
 .text.PendSV_Handler
                0x00000000080015de        0xe ./Core/Src/stm32f3xx_it.o
                0x00000000080015de                PendSV_Handler
 .text.SysTick_Handler
                0x00000000080015ec        0xc ./Core/Src/stm32f3xx_it.o
                0x00000000080015ec                SysTick_Handler
 .text.DMA1_Channel1_IRQHandler
                0x00000000080015f8       0x14 ./Core/Src/stm32f3xx_it.o
                0x00000000080015f8                DMA1_Channel1_IRQHandler
 .text.SystemInit
                0x000000000800160c       0x24 ./Core/Src/system_stm32f3xx.o
                0x000000000800160c                SystemInit
 .text.Reset_Handler
                0x0000000008001630       0x50 ./Core/Startup/startup_stm32f334r8tx.o
                0x0000000008001630                Reset_Handler
 .text.Default_Handler
                0x0000000008001680        0x2 ./Core/Startup/startup_stm32f334r8tx.o
                0x0000000008001680                RTC_Alarm_IRQHandler
                0x0000000008001680                HRTIM1_Master_IRQHandler
                0x0000000008001680                TIM1_CC_IRQHandler
                0x0000000008001680                HRTIM1_FLT_IRQHandler
                0x0000000008001680                PVD_IRQHandler
                0x0000000008001680                HRTIM1_TIMD_IRQHandler
                0x0000000008001680                TAMP_STAMP_IRQHandler
                0x0000000008001680                EXTI3_IRQHandler
                0x0000000008001680                EXTI0_IRQHandler
                0x0000000008001680                FPU_IRQHandler
                0x0000000008001680                CAN_TX_IRQHandler
                0x0000000008001680                TIM1_UP_TIM16_IRQHandler
                0x0000000008001680                ADC1_2_IRQHandler
                0x0000000008001680                HRTIM1_TIME_IRQHandler
                0x0000000008001680                SPI1_IRQHandler
                0x0000000008001680                CAN_SCE_IRQHandler
                0x0000000008001680                HRTIM1_TIMC_IRQHandler
                0x0000000008001680                DMA1_Channel4_IRQHandler
                0x0000000008001680                USART3_IRQHandler
                0x0000000008001680                DMA1_Channel7_IRQHandler
                0x0000000008001680                TIM7_DAC2_IRQHandler
                0x0000000008001680                CAN_RX1_IRQHandler
                0x0000000008001680                I2C1_EV_IRQHandler
                0x0000000008001680                DMA1_Channel6_IRQHandler
                0x0000000008001680                TIM3_IRQHandler
                0x0000000008001680                RCC_IRQHandler
                0x0000000008001680                Default_Handler
                0x0000000008001680                EXTI15_10_IRQHandler
                0x0000000008001680                COMP2_IRQHandler
                0x0000000008001680                HRTIM1_TIMA_IRQHandler
                0x0000000008001680                TIM6_DAC1_IRQHandler
                0x0000000008001680                EXTI9_5_IRQHandler
                0x0000000008001680                RTC_WKUP_IRQHandler
                0x0000000008001680                DMA1_Channel5_IRQHandler
                0x0000000008001680                EXTI4_IRQHandler
                0x0000000008001680                HRTIM1_TIMB_IRQHandler
                0x0000000008001680                TIM1_TRG_COM_TIM17_IRQHandler
                0x0000000008001680                DMA1_Channel3_IRQHandler
                0x0000000008001680                WWDG_IRQHandler
                0x0000000008001680                TIM2_IRQHandler
                0x0000000008001680                EXTI1_IRQHandler
                0x0000000008001680                COMP4_6_IRQHandler
                0x0000000008001680                USART2_IRQHandler
                0x0000000008001680                DMA1_Channel2_IRQHandler
                0x0000000008001680                FLASH_IRQHandler
                0x0000000008001680                USART1_IRQHandler
                0x0000000008001680                CAN_RX0_IRQHandler
                0x0000000008001680                I2C1_ER_IRQHandler
                0x0000000008001680                EXTI2_TSC_IRQHandler
                0x0000000008001680                TIM1_BRK_TIM15_IRQHandler
 *fill*         0x0000000008001682        0x2 
 .text.HAL_Init
                0x0000000008001684       0x2c ./Drivers/STM32F3xx_HAL_Driver/Src/stm32f3xx_hal.o
                0x0000000008001684                HAL_Init
 .text.HAL_InitTick
                0x00000000080016b0       0x60 ./Drivers/STM32F3xx_HAL_Driver/Src/stm32f3xx_hal.o
                0x00000000080016b0                HAL_InitTick
 .text.HAL_IncTick
                0x0000000008001710       0x28 ./Drivers/STM32F3xx_HAL_Driver/Src/stm32f3xx_hal.o
                0x0000000008001710                HAL_IncTick
 .text.HAL_GetTick
                0x0000000008001738       0x18 ./Drivers/STM32F3xx_HAL_Driver/Src/stm32f3xx_hal.o
                0x0000000008001738                HAL_GetTick
 .text.HAL_ADC_ConvCpltCallback
                0x0000000008001750       0x14 ./Drivers/STM32F3xx_HAL_Driver/Src/stm32f3xx_hal_adc.o
                0x0000000008001750                HAL_ADC_ConvCpltCallback
 .text.HAL_ADC_ConvHalfCpltCallback
                0x0000000008001764       0x14 ./Drivers/STM32F3xx_HAL_Driver/Src/stm32f3xx_hal_adc.o
                0x0000000008001764                HAL_ADC_ConvHalfCpltCallback
 .text.HAL_ADC_ErrorCallback
                0x0000000008001778       0x14 ./Drivers/STM32F3xx_HAL_Driver/Src/stm32f3xx_hal_adc.o
                0x0000000008001778                HAL_ADC_ErrorCallback
 .text.HAL_ADC_Init
                0x000000000800178c      0x324 ./Drivers/STM32F3xx_HAL_Driver/Src/stm32f3xx_hal_adc_ex.o
                0x000000000800178c                HAL_ADC_Init
 .text.HAL_ADC_Start_DMA
                0x0000000008001ab0      0x1b4 ./Drivers/STM32F3xx_HAL_Driver/Src/stm32f3xx_hal_adc_ex.o
                0x0000000008001ab0                HAL_ADC_Start_DMA
 .text.HAL_ADC_ConfigChannel
                0x0000000008001c64      0x584 ./Drivers/STM32F3xx_HAL_Driver/Src/stm32f3xx_hal_adc_ex.o
                0x0000000008001c64                HAL_ADC_ConfigChannel
 .text.HAL_ADCEx_MultiModeConfigChannel
                0x00000000080021e8      0x18c ./Drivers/STM32F3xx_HAL_Driver/Src/stm32f3xx_hal_adc_ex.o
                0x00000000080021e8                HAL_ADCEx_MultiModeConfigChannel
 .text.ADC_DMAConvCplt
                0x0000000008002374       0x7a ./Drivers/STM32F3xx_HAL_Driver/Src/stm32f3xx_hal_adc_ex.o
 .text.ADC_DMAHalfConvCplt
                0x00000000080023ee       0x1c ./Drivers/STM32F3xx_HAL_Driver/Src/stm32f3xx_hal_adc_ex.o
 .text.ADC_DMAError
                0x000000000800240a       0x34 ./Drivers/STM32F3xx_HAL_Driver/Src/stm32f3xx_hal_adc_ex.o
 *fill*         0x000000000800243e        0x2 
 .text.ADC_Enable
                0x0000000008002440       0xc8 ./Drivers/STM32F3xx_HAL_Driver/Src/stm32f3xx_hal_adc_ex.o
 .text.ADC_Disable
                0x0000000008002508       0xcc ./Drivers/STM32F3xx_HAL_Driver/Src/stm32f3xx_hal_adc_ex.o
 .text.__NVIC_SetPriorityGrouping
                0x00000000080025d4       0x48 ./Drivers/STM32F3xx_HAL_Driver/Src/stm32f3xx_hal_cortex.o
 .text.__NVIC_GetPriorityGrouping
                0x000000000800261c       0x1c ./Drivers/STM32F3xx_HAL_Driver/Src/stm32f3xx_hal_cortex.o
 .text.__NVIC_EnableIRQ
                0x0000000008002638       0x3c ./Drivers/STM32F3xx_HAL_Driver/Src/stm32f3xx_hal_cortex.o
 .text.__NVIC_SetPriority
                0x0000000008002674       0x54 ./Drivers/STM32F3xx_HAL_Driver/Src/stm32f3xx_hal_cortex.o
 .text.NVIC_EncodePriority
                0x00000000080026c8       0x66 ./Drivers/STM32F3xx_HAL_Driver/Src/stm32f3xx_hal_cortex.o
 *fill*         0x000000000800272e        0x2 
 .text.SysTick_Config
                0x0000000008002730       0x44 ./Drivers/STM32F3xx_HAL_Driver/Src/stm32f3xx_hal_cortex.o
 .text.HAL_NVIC_SetPriorityGrouping
                0x0000000008002774       0x16 ./Drivers/STM32F3xx_HAL_Driver/Src/stm32f3xx_hal_cortex.o
                0x0000000008002774                HAL_NVIC_SetPriorityGrouping
 .text.HAL_NVIC_SetPriority
                0x000000000800278a       0x38 ./Drivers/STM32F3xx_HAL_Driver/Src/stm32f3xx_hal_cortex.o
                0x000000000800278a                HAL_NVIC_SetPriority
 .text.HAL_NVIC_EnableIRQ
                0x00000000080027c2       0x1c ./Drivers/STM32F3xx_HAL_Driver/Src/stm32f3xx_hal_cortex.o
                0x00000000080027c2                HAL_NVIC_EnableIRQ
 .text.HAL_SYSTICK_Config
                0x00000000080027de       0x18 ./Drivers/STM32F3xx_HAL_Driver/Src/stm32f3xx_hal_cortex.o
                0x00000000080027de                HAL_SYSTICK_Config
 .text.HAL_DMA_Init
                0x00000000080027f6       0x8e ./Drivers/STM32F3xx_HAL_Driver/Src/stm32f3xx_hal_dma.o
                0x00000000080027f6                HAL_DMA_Init
 .text.HAL_DMA_Start_IT
                0x0000000008002884       0xbe ./Drivers/STM32F3xx_HAL_Driver/Src/stm32f3xx_hal_dma.o
                0x0000000008002884                HAL_DMA_Start_IT
 .text.HAL_DMA_IRQHandler
                0x0000000008002942      0x146 ./Drivers/STM32F3xx_HAL_Driver/Src/stm32f3xx_hal_dma.o
                0x0000000008002942                HAL_DMA_IRQHandler
 .text.DMA_SetConfig
                0x0000000008002a88       0x5c ./Drivers/STM32F3xx_HAL_Driver/Src/stm32f3xx_hal_dma.o
 .text.DMA_CalcBaseAndBitshift
                0x0000000008002ae4       0x40 ./Drivers/STM32F3xx_HAL_Driver/Src/stm32f3xx_hal_dma.o
 .text.HAL_GPIO_Init
                0x0000000008002b24      0x2e4 ./Drivers/STM32F3xx_HAL_Driver/Src/stm32f3xx_hal_gpio.o
                0x0000000008002b24                HAL_GPIO_Init
 .text.HAL_GPIO_WritePin
                0x0000000008002e08       0x30 ./Drivers/STM32F3xx_HAL_Driver/Src/stm32f3xx_hal_gpio.o
                0x0000000008002e08                HAL_GPIO_WritePin
 .text.HAL_RCC_OscConfig
                0x0000000008002e38      0xe10 ./Drivers/STM32F3xx_HAL_Driver/Src/stm32f3xx_hal_rcc.o
                0x0000000008002e38                HAL_RCC_OscConfig
 .text.HAL_RCC_ClockConfig
                0x0000000008003c48      0x2f8 ./Drivers/STM32F3xx_HAL_Driver/Src/stm32f3xx_hal_rcc.o
                0x0000000008003c48                HAL_RCC_ClockConfig
 .text.HAL_RCC_GetSysClockFreq
                0x0000000008003f40       0xd4 ./Drivers/STM32F3xx_HAL_Driver/Src/stm32f3xx_hal_rcc.o
                0x0000000008003f40                HAL_RCC_GetSysClockFreq
 .text.HAL_RCCEx_PeriphCLKConfig
                0x0000000008004014      0x26c ./Drivers/STM32F3xx_HAL_Driver/Src/stm32f3xx_hal_rcc_ex.o
                0x0000000008004014                HAL_RCCEx_PeriphCLKConfig
 .text.HAL_TIM_PWM_Init
                0x0000000008004280       0xae ./Drivers/STM32F3xx_HAL_Driver/Src/stm32f3xx_hal_tim.o
                0x0000000008004280                HAL_TIM_PWM_Init
 *fill*         0x000000000800432e        0x2 
 .text.HAL_TIM_PWM_Start_IT
                0x0000000008004330      0x274 ./Drivers/STM32F3xx_HAL_Driver/Src/stm32f3xx_hal_tim.o
                0x0000000008004330                HAL_TIM_PWM_Start_IT
 .text.HAL_TIM_PWM_ConfigChannel
                0x00000000080045a4      0x228 ./Drivers/STM32F3xx_HAL_Driver/Src/stm32f3xx_hal_tim.o
                0x00000000080045a4                HAL_TIM_PWM_ConfigChannel
 .text.TIM_Base_SetConfig
                0x00000000080047cc       0xf0 ./Drivers/STM32F3xx_HAL_Driver/Src/stm32f3xx_hal_tim.o
                0x00000000080047cc                TIM_Base_SetConfig
 .text.TIM_OC1_SetConfig
                0x00000000080048bc      0x10c ./Drivers/STM32F3xx_HAL_Driver/Src/stm32f3xx_hal_tim.o
 .text.TIM_OC2_SetConfig
                0x00000000080049c8      0x100 ./Drivers/STM32F3xx_HAL_Driver/Src/stm32f3xx_hal_tim.o
                0x00000000080049c8                TIM_OC2_SetConfig
 .text.TIM_OC3_SetConfig
                0x0000000008004ac8       0xfc ./Drivers/STM32F3xx_HAL_Driver/Src/stm32f3xx_hal_tim.o
 .text.TIM_OC4_SetConfig
                0x0000000008004bc4       0xc8 ./Drivers/STM32F3xx_HAL_Driver/Src/stm32f3xx_hal_tim.o
 .text.TIM_OC5_SetConfig
                0x0000000008004c8c       0xbc ./Drivers/STM32F3xx_HAL_Driver/Src/stm32f3xx_hal_tim.o
 .text.TIM_OC6_SetConfig
                0x0000000008004d48       0xc0 ./Drivers/STM32F3xx_HAL_Driver/Src/stm32f3xx_hal_tim.o
 .text.TIM_CCxChannelCmd
                0x0000000008004e08       0x4a ./Drivers/STM32F3xx_HAL_Driver/Src/stm32f3xx_hal_tim.o
                0x0000000008004e08                TIM_CCxChannelCmd
 *fill*         0x0000000008004e52        0x2 
 .text.HAL_TIMEx_MasterConfigSynchronization
                0x0000000008004e54       0xdc ./Drivers/STM32F3xx_HAL_Driver/Src/stm32f3xx_hal_tim_ex.o
                0x0000000008004e54                HAL_TIMEx_MasterConfigSynchronization
 .text.HAL_TIMEx_ConfigBreakDeadTime
                0x0000000008004f30       0xf0 ./Drivers/STM32F3xx_HAL_Driver/Src/stm32f3xx_hal_tim_ex.o
                0x0000000008004f30                HAL_TIMEx_ConfigBreakDeadTime
 .text.__libc_init_array
                0x0000000008005020       0x48 c:/st/stm32cubeide_1.7.0/stm32cubeide/plugins/com.st.stm32cube.ide.mcu.externaltools.gnu-tools-for-stm32.9-2020-q2-update.win32_2.0.0.202105311346/tools/bin/../lib/gcc/arm-none-eabi/9.3.1/../../../../arm-none-eabi/lib/thumb/v7e-m+fp/hard\libc_nano.a(lib_a-init.o)
                0x0000000008005020                __libc_init_array
 .text.memset   0x0000000008005068       0x10 c:/st/stm32cubeide_1.7.0/stm32cubeide/plugins/com.st.stm32cube.ide.mcu.externaltools.gnu-tools-for-stm32.9-2020-q2-update.win32_2.0.0.202105311346/tools/bin/../lib/gcc/arm-none-eabi/9.3.1/../../../../arm-none-eabi/lib/thumb/v7e-m+fp/hard\libc_nano.a(lib_a-memset.o)
                0x0000000008005068                memset
 *(.glue_7)
 .glue_7        0x0000000008005078        0x0 linker stubs
 *(.glue_7t)
 .glue_7t       0x0000000008005078        0x0 linker stubs
 *(.eh_frame)
 .eh_frame      0x0000000008005078        0x0 c:/st/stm32cubeide_1.7.0/stm32cubeide/plugins/com.st.stm32cube.ide.mcu.externaltools.gnu-tools-for-stm32.9-2020-q2-update.win32_2.0.0.202105311346/tools/bin/../lib/gcc/arm-none-eabi/9.3.1/thumb/v7e-m+fp/hard/crtbegin.o
 *(.init)
 .init          0x0000000008005078        0x4 c:/st/stm32cubeide_1.7.0/stm32cubeide/plugins/com.st.stm32cube.ide.mcu.externaltools.gnu-tools-for-stm32.9-2020-q2-update.win32_2.0.0.202105311346/tools/bin/../lib/gcc/arm-none-eabi/9.3.1/thumb/v7e-m+fp/hard/crti.o
                0x0000000008005078                _init
 .init          0x000000000800507c        0x8 c:/st/stm32cubeide_1.7.0/stm32cubeide/plugins/com.st.stm32cube.ide.mcu.externaltools.gnu-tools-for-stm32.9-2020-q2-update.win32_2.0.0.202105311346/tools/bin/../lib/gcc/arm-none-eabi/9.3.1/thumb/v7e-m+fp/hard/crtn.o
 *(.fini)
 .fini          0x0000000008005084        0x4 c:/st/stm32cubeide_1.7.0/stm32cubeide/plugins/com.st.stm32cube.ide.mcu.externaltools.gnu-tools-for-stm32.9-2020-q2-update.win32_2.0.0.202105311346/tools/bin/../lib/gcc/arm-none-eabi/9.3.1/thumb/v7e-m+fp/hard/crti.o
                0x0000000008005084                _fini
 .fini          0x0000000008005088        0x8 c:/st/stm32cubeide_1.7.0/stm32cubeide/plugins/com.st.stm32cube.ide.mcu.externaltools.gnu-tools-for-stm32.9-2020-q2-update.win32_2.0.0.202105311346/tools/bin/../lib/gcc/arm-none-eabi/9.3.1/thumb/v7e-m+fp/hard/crtn.o
                0x0000000008005090                . = ALIGN (0x4)
                0x0000000008005090                _etext = .

.vfp11_veneer   0x0000000008005090        0x0
 .vfp11_veneer  0x0000000008005090        0x0 linker stubs

.v4_bx          0x0000000008005090        0x0
 .v4_bx         0x0000000008005090        0x0 linker stubs

.iplt           0x0000000008005090        0x0
 .iplt          0x0000000008005090        0x0 c:/st/stm32cubeide_1.7.0/stm32cubeide/plugins/com.st.stm32cube.ide.mcu.externaltools.gnu-tools-for-stm32.9-2020-q2-update.win32_2.0.0.202105311346/tools/bin/../lib/gcc/arm-none-eabi/9.3.1/thumb/v7e-m+fp/hard/crtbegin.o

.rodata         0x0000000008005090       0x30
                0x0000000008005090                . = ALIGN (0x4)
 *(.rodata)
 *(.rodata*)
 .rodata.AHBPrescTable
                0x0000000008005090       0x10 ./Core/Src/system_stm32f3xx.o
                0x0000000008005090                AHBPrescTable
 .rodata.aPLLMULFactorTable
                0x00000000080050a0       0x10 ./Drivers/STM32F3xx_HAL_Driver/Src/stm32f3xx_hal_rcc.o
                0x00000000080050a0                aPLLMULFactorTable
 .rodata.aPredivFactorTable
                0x00000000080050b0       0x10 ./Drivers/STM32F3xx_HAL_Driver/Src/stm32f3xx_hal_rcc.o
                0x00000000080050b0                aPredivFactorTable
                0x00000000080050c0                . = ALIGN (0x4)

.rel.dyn        0x00000000080050c0        0x0
 .rel.iplt      0x00000000080050c0        0x0 c:/st/stm32cubeide_1.7.0/stm32cubeide/plugins/com.st.stm32cube.ide.mcu.externaltools.gnu-tools-for-stm32.9-2020-q2-update.win32_2.0.0.202105311346/tools/bin/../lib/gcc/arm-none-eabi/9.3.1/thumb/v7e-m+fp/hard/crtbegin.o

.ARM.extab      0x00000000080050c0        0x0
                0x00000000080050c0                . = ALIGN (0x4)
 *(.ARM.extab* .gnu.linkonce.armextab.*)
                0x00000000080050c0                . = ALIGN (0x4)

.ARM            0x00000000080050c0        0x0
                0x00000000080050c0                . = ALIGN (0x4)
                0x00000000080050c0                __exidx_start = .
 *(.ARM.exidx*)
                0x00000000080050c0                __exidx_end = .
                0x00000000080050c0                . = ALIGN (0x4)

.preinit_array  0x00000000080050c0        0x0
                0x00000000080050c0                . = ALIGN (0x4)
                0x00000000080050c0                PROVIDE (__preinit_array_start = .)
 *(.preinit_array*)
                0x00000000080050c0                PROVIDE (__preinit_array_end = .)
                0x00000000080050c0                . = ALIGN (0x4)

.init_array     0x00000000080050c0        0x4
                0x00000000080050c0                . = ALIGN (0x4)
                0x00000000080050c0                PROVIDE (__init_array_start = .)
 *(SORT_BY_NAME(.init_array.*))
 *(.init_array*)
 .init_array    0x00000000080050c0        0x4 c:/st/stm32cubeide_1.7.0/stm32cubeide/plugins/com.st.stm32cube.ide.mcu.externaltools.gnu-tools-for-stm32.9-2020-q2-update.win32_2.0.0.202105311346/tools/bin/../lib/gcc/arm-none-eabi/9.3.1/thumb/v7e-m+fp/hard/crtbegin.o
                0x00000000080050c4                PROVIDE (__init_array_end = .)
                0x00000000080050c4                . = ALIGN (0x4)

.fini_array     0x00000000080050c4        0x4
                0x00000000080050c4                . = ALIGN (0x4)
                [!provide]                        PROVIDE (__fini_array_start = .)
 *(SORT_BY_NAME(.fini_array.*))
 *(.fini_array*)
 .fini_array    0x00000000080050c4        0x4 c:/st/stm32cubeide_1.7.0/stm32cubeide/plugins/com.st.stm32cube.ide.mcu.externaltools.gnu-tools-for-stm32.9-2020-q2-update.win32_2.0.0.202105311346/tools/bin/../lib/gcc/arm-none-eabi/9.3.1/thumb/v7e-m+fp/hard/crtbegin.o
                [!provide]                        PROVIDE (__fini_array_end = .)
                0x00000000080050c8                . = ALIGN (0x4)
                0x00000000080050c8                _sidata = LOADADDR (.data)

.data           0x0000000020000000       0xa4 load address 0x00000000080050c8
                0x0000000020000000                . = ALIGN (0x4)
                0x0000000020000000                _sdata = .
 *(.data)
 *(.data*)
 .data.axd11    0x0000000020000000        0x8 ./Core/Src/formula.o
                0x0000000020000000                axd11
 .data.axd12    0x0000000020000008        0x8 ./Core/Src/formula.o
                0x0000000020000008                axd12
 .data.axd13    0x0000000020000010        0x8 ./Core/Src/formula.o
                0x0000000020000010                axd13
 .data.axd21    0x0000000020000018        0x8 ./Core/Src/formula.o
                0x0000000020000018                axd21
 .data.axd22    0x0000000020000020        0x8 ./Core/Src/formula.o
                0x0000000020000020                axd22
 .data.axd23    0x0000000020000028        0x8 ./Core/Src/formula.o
                0x0000000020000028                axd23
 .data.axd31    0x0000000020000030        0x8 ./Core/Src/formula.o
                0x0000000020000030                axd31
 .data.axd32    0x0000000020000038        0x8 ./Core/Src/formula.o
                0x0000000020000038                axd32
 .data.axd33    0x0000000020000040        0x8 ./Core/Src/formula.o
                0x0000000020000040                axd33
 .data.bxd11    0x0000000020000048        0x8 ./Core/Src/formula.o
                0x0000000020000048                bxd11
 .data.bxd12    0x0000000020000050        0x8 ./Core/Src/formula.o
                0x0000000020000050                bxd12
 .data.bxd21    0x0000000020000058        0x8 ./Core/Src/formula.o
                0x0000000020000058                bxd21
 .data.bxd22    0x0000000020000060        0x8 ./Core/Src/formula.o
                0x0000000020000060                bxd22
 .data.bxd31    0x0000000020000068        0x8 ./Core/Src/formula.o
                0x0000000020000068                bxd31
 .data.bxd32    0x0000000020000070        0x8 ./Core/Src/formula.o
                0x0000000020000070                bxd32
 .data.b0       0x0000000020000078        0x8 ./Core/Src/formula.o
                0x0000000020000078                b0
 .data.kd_dig   0x0000000020000080        0x8 ./Core/Src/formula.o
                0x0000000020000080                kd_dig
 .data.kp_dig   0x0000000020000088        0x8 ./Core/Src/formula.o
                0x0000000020000088                kp_dig
 .data.MAX_FREQ_VALUE
                0x0000000020000090        0x2 ./Core/Src/formula.o
                0x0000000020000090                MAX_FREQ_VALUE
 .data.MIN_FREQ_VALUE
                0x0000000020000092        0x2 ./Core/Src/formula.o
                0x0000000020000092                MIN_FREQ_VALUE
 .data.adc      0x0000000020000094        0x4 ./Core/Src/formula.o
                0x0000000020000094                adc
 .data.SystemCoreClock
                0x0000000020000098        0x4 ./Core/Src/system_stm32f3xx.o
                0x0000000020000098                SystemCoreClock
 .data.uwTickPrio
                0x000000002000009c        0x4 ./Drivers/STM32F3xx_HAL_Driver/Src/stm32f3xx_hal.o
                0x000000002000009c                uwTickPrio
 .data.uwTickFreq
                0x00000000200000a0        0x1 ./Drivers/STM32F3xx_HAL_Driver/Src/stm32f3xx_hal.o
                0x00000000200000a0                uwTickFreq
 *(.RamFunc)
 *(.RamFunc*)
                0x00000000200000a4                . = ALIGN (0x4)
 *fill*         0x00000000200000a1        0x3 
                0x00000000200000a4                _edata = .
                0x000000000800516c                _siccmram = LOADADDR (.ccmram)

.igot.plt       0x00000000200000a4        0x0 load address 0x000000000800516c
 .igot.plt      0x00000000200000a4        0x0 c:/st/stm32cubeide_1.7.0/stm32cubeide/plugins/com.st.stm32cube.ide.mcu.externaltools.gnu-tools-for-stm32.9-2020-q2-update.win32_2.0.0.202105311346/tools/bin/../lib/gcc/arm-none-eabi/9.3.1/thumb/v7e-m+fp/hard/crtbegin.o

.ccmram         0x0000000010000000        0x0 load address 0x000000000800516c
                0x0000000010000000                . = ALIGN (0x4)
                0x0000000010000000                _sccmram = .
 *(.ccmram)
 *(.ccmram*)
                0x0000000010000000                . = ALIGN (0x4)
                0x0000000010000000                _eccmram = .
                0x0000000010000000                . = ALIGN (0x4)

.bss            0x00000000200000a8      0x150
                0x00000000200000a8                _sbss = .
                0x00000000200000a8                __bss_start__ = _sbss
 *(.bss)
 .bss           0x00000000200000a8       0x1c c:/st/stm32cubeide_1.7.0/stm32cubeide/plugins/com.st.stm32cube.ide.mcu.externaltools.gnu-tools-for-stm32.9-2020-q2-update.win32_2.0.0.202105311346/tools/bin/../lib/gcc/arm-none-eabi/9.3.1/thumb/v7e-m+fp/hard/crtbegin.o
 *(.bss*)
 *fill*         0x00000000200000c4        0x4 
 .bss.z1        0x00000000200000c8        0x8 ./Core/Src/formula.o
                0x00000000200000c8                z1
 .bss.z2        0x00000000200000d0        0x8 ./Core/Src/formula.o
                0x00000000200000d0                z2
 .bss.z3        0x00000000200000d8        0x8 ./Core/Src/formula.o
                0x00000000200000d8                z3
 .bss.y         0x00000000200000e0        0x8 ./Core/Src/formula.o
                0x00000000200000e0                y
 .bss.u         0x00000000200000e8        0x8 ./Core/Src/formula.o
                0x00000000200000e8                u
 .bss.u0        0x00000000200000f0        0x8 ./Core/Src/formula.o
                0x00000000200000f0                u0
 .bss.x         0x00000000200000f8        0x8 ./Core/Src/formula.o
                0x00000000200000f8                x
 .bss.ref       0x0000000020000100        0x8 ./Core/Src/formula.o
                0x0000000020000100                ref
 .bss.period_value
                0x0000000020000108        0x2 ./Core/Src/main.o
                0x0000000020000108                period_value
 *(COMMON)
 *fill*         0x000000002000010a        0x2 
 COMMON         0x000000002000010c       0xe8 ./Core/Src/main.o
                0x000000002000010c                adc_value
                0x0000000020000114                hadc1
                0x0000000020000164                hdma_adc1
                0x00000000200001a8                htim1
 COMMON         0x00000000200001f4        0x4 ./Drivers/STM32F3xx_HAL_Driver/Src/stm32f3xx_hal.o
                0x00000000200001f4                uwTick
                0x00000000200001f8                . = ALIGN (0x4)
                0x00000000200001f8                _ebss = .
                0x00000000200001f8                __bss_end__ = _ebss

._user_heap_stack
                0x00000000200001f8      0x600
                0x00000000200001f8                . = ALIGN (0x8)
                [!provide]                        PROVIDE (end = .)
                0x00000000200001f8                PROVIDE (_end = .)
                0x00000000200003f8                . = (. + _Min_Heap_Size)
 *fill*         0x00000000200001f8      0x200 
                0x00000000200007f8                . = (. + _Min_Stack_Size)
 *fill*         0x00000000200003f8      0x400 
                0x00000000200007f8                . = ALIGN (0x8)

/DISCARD/
 libc.a(*)
 libm.a(*)
 libgcc.a(*)

.ARM.attributes
                0x0000000000000000       0x30
 *(.ARM.attributes)
 .ARM.attributes
                0x0000000000000000       0x1e c:/st/stm32cubeide_1.7.0/stm32cubeide/plugins/com.st.stm32cube.ide.mcu.externaltools.gnu-tools-for-stm32.9-2020-q2-update.win32_2.0.0.202105311346/tools/bin/../lib/gcc/arm-none-eabi/9.3.1/thumb/v7e-m+fp/hard/crti.o
 .ARM.attributes
                0x000000000000001e       0x34 c:/st/stm32cubeide_1.7.0/stm32cubeide/plugins/com.st.stm32cube.ide.mcu.externaltools.gnu-tools-for-stm32.9-2020-q2-update.win32_2.0.0.202105311346/tools/bin/../lib/gcc/arm-none-eabi/9.3.1/thumb/v7e-m+fp/hard/crtbegin.o
 .ARM.attributes
                0x0000000000000052       0x34 ./Core/Src/formula.o
 .ARM.attributes
                0x0000000000000086       0x34 ./Core/Src/main.o
 .ARM.attributes
                0x00000000000000ba       0x34 ./Core/Src/stm32f3xx_hal_msp.o
 .ARM.attributes
                0x00000000000000ee       0x34 ./Core/Src/stm32f3xx_it.o
 .ARM.attributes
                0x0000000000000122       0x34 ./Core/Src/system_stm32f3xx.o
 .ARM.attributes
                0x0000000000000156       0x21 ./Core/Startup/startup_stm32f334r8tx.o
 .ARM.attributes
                0x0000000000000177       0x34 ./Drivers/STM32F3xx_HAL_Driver/Src/stm32f3xx_hal.o
 .ARM.attributes
                0x00000000000001ab       0x34 ./Drivers/STM32F3xx_HAL_Driver/Src/stm32f3xx_hal_adc.o
 .ARM.attributes
                0x00000000000001df       0x34 ./Drivers/STM32F3xx_HAL_Driver/Src/stm32f3xx_hal_adc_ex.o
 .ARM.attributes
                0x0000000000000213       0x34 ./Drivers/STM32F3xx_HAL_Driver/Src/stm32f3xx_hal_cortex.o
 .ARM.attributes
                0x0000000000000247       0x34 ./Drivers/STM32F3xx_HAL_Driver/Src/stm32f3xx_hal_dma.o
 .ARM.attributes
                0x000000000000027b       0x34 ./Drivers/STM32F3xx_HAL_Driver/Src/stm32f3xx_hal_gpio.o
 .ARM.attributes
                0x00000000000002af       0x34 ./Drivers/STM32F3xx_HAL_Driver/Src/stm32f3xx_hal_rcc.o
 .ARM.attributes
                0x00000000000002e3       0x34 ./Drivers/STM32F3xx_HAL_Driver/Src/stm32f3xx_hal_rcc_ex.o
 .ARM.attributes
                0x0000000000000317       0x34 ./Drivers/STM32F3xx_HAL_Driver/Src/stm32f3xx_hal_tim.o
 .ARM.attributes
                0x000000000000034b       0x34 ./Drivers/STM32F3xx_HAL_Driver/Src/stm32f3xx_hal_tim_ex.o
 .ARM.attributes
                0x000000000000037f       0x34 c:/st/stm32cubeide_1.7.0/stm32cubeide/plugins/com.st.stm32cube.ide.mcu.externaltools.gnu-tools-for-stm32.9-2020-q2-update.win32_2.0.0.202105311346/tools/bin/../lib/gcc/arm-none-eabi/9.3.1/../../../../arm-none-eabi/lib/thumb/v7e-m+fp/hard\libc_nano.a(lib_a-init.o)
 .ARM.attributes
                0x00000000000003b3       0x34 c:/st/stm32cubeide_1.7.0/stm32cubeide/plugins/com.st.stm32cube.ide.mcu.externaltools.gnu-tools-for-stm32.9-2020-q2-update.win32_2.0.0.202105311346/tools/bin/../lib/gcc/arm-none-eabi/9.3.1/../../../../arm-none-eabi/lib/thumb/v7e-m+fp/hard\libc_nano.a(lib_a-memset.o)
 .ARM.attributes
                0x00000000000003e7       0x1e c:/st/stm32cubeide_1.7.0/stm32cubeide/plugins/com.st.stm32cube.ide.mcu.externaltools.gnu-tools-for-stm32.9-2020-q2-update.win32_2.0.0.202105311346/tools/bin/../lib/gcc/arm-none-eabi/9.3.1/thumb/v7e-m+fp/hard\libgcc.a(_arm_addsubdf3.o)
 .ARM.attributes
                0x0000000000000405       0x1e c:/st/stm32cubeide_1.7.0/stm32cubeide/plugins/com.st.stm32cube.ide.mcu.externaltools.gnu-tools-for-stm32.9-2020-q2-update.win32_2.0.0.202105311346/tools/bin/../lib/gcc/arm-none-eabi/9.3.1/thumb/v7e-m+fp/hard\libgcc.a(_arm_muldivdf3.o)
 .ARM.attributes
                0x0000000000000423       0x1e c:/st/stm32cubeide_1.7.0/stm32cubeide/plugins/com.st.stm32cube.ide.mcu.externaltools.gnu-tools-for-stm32.9-2020-q2-update.win32_2.0.0.202105311346/tools/bin/../lib/gcc/arm-none-eabi/9.3.1/thumb/v7e-m+fp/hard\libgcc.a(_arm_cmpdf2.o)
 .ARM.attributes
                0x0000000000000441       0x1e c:/st/stm32cubeide_1.7.0/stm32cubeide/plugins/com.st.stm32cube.ide.mcu.externaltools.gnu-tools-for-stm32.9-2020-q2-update.win32_2.0.0.202105311346/tools/bin/../lib/gcc/arm-none-eabi/9.3.1/thumb/v7e-m+fp/hard\libgcc.a(_arm_fixunsdfsi.o)
 .ARM.attributes
                0x000000000000045f       0x1e c:/st/stm32cubeide_1.7.0/stm32cubeide/plugins/com.st.stm32cube.ide.mcu.externaltools.gnu-tools-for-stm32.9-2020-q2-update.win32_2.0.0.202105311346/tools/bin/../lib/gcc/arm-none-eabi/9.3.1/thumb/v7e-m+fp/hard/crtn.o
OUTPUT(LLC.elf elf32-littlearm)
LOAD linker stubs
LOAD c:/st/stm32cubeide_1.7.0/stm32cubeide/plugins/com.st.stm32cube.ide.mcu.externaltools.gnu-tools-for-stm32.9-2020-q2-update.win32_2.0.0.202105311346/tools/bin/../lib/gcc/arm-none-eabi/9.3.1/../../../../arm-none-eabi/lib/thumb/v7e-m+fp/hard\libc.a
LOAD c:/st/stm32cubeide_1.7.0/stm32cubeide/plugins/com.st.stm32cube.ide.mcu.externaltools.gnu-tools-for-stm32.9-2020-q2-update.win32_2.0.0.202105311346/tools/bin/../lib/gcc/arm-none-eabi/9.3.1/../../../../arm-none-eabi/lib/thumb/v7e-m+fp/hard\libm.a
LOAD c:/st/stm32cubeide_1.7.0/stm32cubeide/plugins/com.st.stm32cube.ide.mcu.externaltools.gnu-tools-for-stm32.9-2020-q2-update.win32_2.0.0.202105311346/tools/bin/../lib/gcc/arm-none-eabi/9.3.1/thumb/v7e-m+fp/hard\libgcc.a

.debug_info     0x0000000000000000     0xea3c
 .debug_info    0x0000000000000000      0xe31 ./Core/Src/formula.o
 .debug_info    0x0000000000000e31     0x1d82 ./Core/Src/main.o
 .debug_info    0x0000000000002bb3      0xeaa ./Core/Src/stm32f3xx_hal_msp.o
 .debug_info    0x0000000000003a5d      0x46d ./Core/Src/stm32f3xx_it.o
 .debug_info    0x0000000000003eca      0x49a ./Core/Src/system_stm32f3xx.o
 .debug_info    0x0000000000004364       0x22 ./Core/Startup/startup_stm32f334r8tx.o
 .debug_info    0x0000000000004386      0x7dd ./Drivers/STM32F3xx_HAL_Driver/Src/stm32f3xx_hal.o
 .debug_info    0x0000000000004b63      0xc8d ./Drivers/STM32F3xx_HAL_Driver/Src/stm32f3xx_hal_adc.o
 .debug_info    0x00000000000057f0     0x16c7 ./Drivers/STM32F3xx_HAL_Driver/Src/stm32f3xx_hal_adc_ex.o
 .debug_info    0x0000000000006eb7      0xc09 ./Drivers/STM32F3xx_HAL_Driver/Src/stm32f3xx_hal_cortex.o
 .debug_info    0x0000000000007ac0      0x839 ./Drivers/STM32F3xx_HAL_Driver/Src/stm32f3xx_hal_dma.o
 .debug_info    0x00000000000082f9      0x83d ./Drivers/STM32F3xx_HAL_Driver/Src/stm32f3xx_hal_gpio.o
 .debug_info    0x0000000000008b36     0x15b5 ./Drivers/STM32F3xx_HAL_Driver/Src/stm32f3xx_hal_rcc.o
 .debug_info    0x000000000000a0eb      0x61d ./Drivers/STM32F3xx_HAL_Driver/Src/stm32f3xx_hal_rcc_ex.o
 .debug_info    0x000000000000a708     0x2cf6 ./Drivers/STM32F3xx_HAL_Driver/Src/stm32f3xx_hal_tim.o
 .debug_info    0x000000000000d3fe     0x163e ./Drivers/STM32F3xx_HAL_Driver/Src/stm32f3xx_hal_tim_ex.o

.debug_abbrev   0x0000000000000000     0x209a
 .debug_abbrev  0x0000000000000000      0x249 ./Core/Src/formula.o
 .debug_abbrev  0x0000000000000249      0x2ff ./Core/Src/main.o
 .debug_abbrev  0x0000000000000548      0x1db ./Core/Src/stm32f3xx_hal_msp.o
 .debug_abbrev  0x0000000000000723      0x163 ./Core/Src/stm32f3xx_it.o
 .debug_abbrev  0x0000000000000886      0x145 ./Core/Src/system_stm32f3xx.o
 .debug_abbrev  0x00000000000009cb       0x12 ./Core/Startup/startup_stm32f334r8tx.o
 .debug_abbrev  0x00000000000009dd      0x1ed ./Drivers/STM32F3xx_HAL_Driver/Src/stm32f3xx_hal.o
 .debug_abbrev  0x0000000000000bca      0x1a7 ./Drivers/STM32F3xx_HAL_Driver/Src/stm32f3xx_hal_adc.o
 .debug_abbrev  0x0000000000000d71      0x253 ./Drivers/STM32F3xx_HAL_Driver/Src/stm32f3xx_hal_adc_ex.o
 .debug_abbrev  0x0000000000000fc4      0x313 ./Drivers/STM32F3xx_HAL_Driver/Src/stm32f3xx_hal_cortex.o
 .debug_abbrev  0x00000000000012d7      0x228 ./Drivers/STM32F3xx_HAL_Driver/Src/stm32f3xx_hal_dma.o
 .debug_abbrev  0x00000000000014ff      0x1e8 ./Drivers/STM32F3xx_HAL_Driver/Src/stm32f3xx_hal_gpio.o
 .debug_abbrev  0x00000000000016e7      0x2c4 ./Drivers/STM32F3xx_HAL_Driver/Src/stm32f3xx_hal_rcc.o
 .debug_abbrev  0x00000000000019ab      0x22b ./Drivers/STM32F3xx_HAL_Driver/Src/stm32f3xx_hal_rcc_ex.o
 .debug_abbrev  0x0000000000001bd6      0x25e ./Drivers/STM32F3xx_HAL_Driver/Src/stm32f3xx_hal_tim.o
 .debug_abbrev  0x0000000000001e34      0x266 ./Drivers/STM32F3xx_HAL_Driver/Src/stm32f3xx_hal_tim_ex.o

.debug_aranges  0x0000000000000000      0xcc8
 .debug_aranges
                0x0000000000000000       0x68 ./Core/Src/formula.o
 .debug_aranges
                0x0000000000000068       0x58 ./Core/Src/main.o
 .debug_aranges
                0x00000000000000c0       0x48 ./Core/Src/stm32f3xx_hal_msp.o
 .debug_aranges
                0x0000000000000108       0x68 ./Core/Src/stm32f3xx_it.o
 .debug_aranges
                0x0000000000000170       0x28 ./Core/Src/system_stm32f3xx.o
 .debug_aranges
                0x0000000000000198       0x28 ./Core/Startup/startup_stm32f334r8tx.o
 .debug_aranges
                0x00000000000001c0       0xe0 ./Drivers/STM32F3xx_HAL_Driver/Src/stm32f3xx_hal.o
 .debug_aranges
                0x00000000000002a0       0xc8 ./Drivers/STM32F3xx_HAL_Driver/Src/stm32f3xx_hal_adc.o
 .debug_aranges
                0x0000000000000368      0x168 ./Drivers/STM32F3xx_HAL_Driver/Src/stm32f3xx_hal_adc_ex.o
 .debug_aranges
                0x00000000000004d0      0x100 ./Drivers/STM32F3xx_HAL_Driver/Src/stm32f3xx_hal_cortex.o
 .debug_aranges
                0x00000000000005d0       0x88 ./Drivers/STM32F3xx_HAL_Driver/Src/stm32f3xx_hal_dma.o
 .debug_aranges
                0x0000000000000658       0x58 ./Drivers/STM32F3xx_HAL_Driver/Src/stm32f3xx_hal_gpio.o
 .debug_aranges
                0x00000000000006b0       0x88 ./Drivers/STM32F3xx_HAL_Driver/Src/stm32f3xx_hal_rcc.o
 .debug_aranges
                0x0000000000000738       0x38 ./Drivers/STM32F3xx_HAL_Driver/Src/stm32f3xx_hal_rcc_ex.o
 .debug_aranges
                0x0000000000000770      0x3e0 ./Drivers/STM32F3xx_HAL_Driver/Src/stm32f3xx_hal_tim.o
 .debug_aranges
                0x0000000000000b50      0x178 ./Drivers/STM32F3xx_HAL_Driver/Src/stm32f3xx_hal_tim_ex.o

.debug_ranges   0x0000000000000000      0xbd0
 .debug_ranges  0x0000000000000000       0x58 ./Core/Src/formula.o
 .debug_ranges  0x0000000000000058       0x48 ./Core/Src/main.o
 .debug_ranges  0x00000000000000a0       0x38 ./Core/Src/stm32f3xx_hal_msp.o
 .debug_ranges  0x00000000000000d8       0x58 ./Core/Src/stm32f3xx_it.o
 .debug_ranges  0x0000000000000130       0x18 ./Core/Src/system_stm32f3xx.o
 .debug_ranges  0x0000000000000148       0x20 ./Core/Startup/startup_stm32f334r8tx.o
 .debug_ranges  0x0000000000000168       0xd0 ./Drivers/STM32F3xx_HAL_Driver/Src/stm32f3xx_hal.o
 .debug_ranges  0x0000000000000238       0xb8 ./Drivers/STM32F3xx_HAL_Driver/Src/stm32f3xx_hal_adc.o
 .debug_ranges  0x00000000000002f0      0x158 ./Drivers/STM32F3xx_HAL_Driver/Src/stm32f3xx_hal_adc_ex.o
 .debug_ranges  0x0000000000000448       0xf0 ./Drivers/STM32F3xx_HAL_Driver/Src/stm32f3xx_hal_cortex.o
 .debug_ranges  0x0000000000000538       0x78 ./Drivers/STM32F3xx_HAL_Driver/Src/stm32f3xx_hal_dma.o
 .debug_ranges  0x00000000000005b0       0x48 ./Drivers/STM32F3xx_HAL_Driver/Src/stm32f3xx_hal_gpio.o
 .debug_ranges  0x00000000000005f8       0x78 ./Drivers/STM32F3xx_HAL_Driver/Src/stm32f3xx_hal_rcc.o
 .debug_ranges  0x0000000000000670       0x28 ./Drivers/STM32F3xx_HAL_Driver/Src/stm32f3xx_hal_rcc_ex.o
 .debug_ranges  0x0000000000000698      0x3d0 ./Drivers/STM32F3xx_HAL_Driver/Src/stm32f3xx_hal_tim.o
 .debug_ranges  0x0000000000000a68      0x168 ./Drivers/STM32F3xx_HAL_Driver/Src/stm32f3xx_hal_tim_ex.o

.debug_macro    0x0000000000000000    0x21157
 .debug_macro   0x0000000000000000      0x20e ./Core/Src/formula.o
 .debug_macro   0x000000000000020e      0xaa8 ./Core/Src/formula.o
 .debug_macro   0x0000000000000cb6       0x22 ./Core/Src/formula.o
 .debug_macro   0x0000000000000cd8       0x4c ./Core/Src/formula.o
 .debug_macro   0x0000000000000d24       0x18 ./Core/Src/formula.o
 .debug_macro   0x0000000000000d3c       0x94 ./Core/Src/formula.o
 .debug_macro   0x0000000000000dd0       0x3c ./Core/Src/formula.o
 .debug_macro   0x0000000000000e0c       0x34 ./Core/Src/formula.o
 .debug_macro   0x0000000000000e40       0x16 ./Core/Src/formula.o
 .debug_macro   0x0000000000000e56       0x57 ./Core/Src/formula.o
 .debug_macro   0x0000000000000ead       0x97 ./Core/Src/formula.o
 .debug_macro   0x0000000000000f44      0x339 ./Core/Src/formula.o
 .debug_macro   0x000000000000127d       0xfd ./Core/Src/formula.o
 .debug_macro   0x000000000000137a       0x10 ./Core/Src/formula.o
 .debug_macro   0x000000000000138a       0x16 ./Core/Src/formula.o
 .debug_macro   0x00000000000013a0       0x43 ./Core/Src/formula.o
 .debug_macro   0x00000000000013e3       0x34 ./Core/Src/formula.o
 .debug_macro   0x0000000000001417       0x10 ./Core/Src/formula.o
 .debug_macro   0x0000000000001427       0x58 ./Core/Src/formula.o
 .debug_macro   0x000000000000147f       0x71 ./Core/Src/formula.o
 .debug_macro   0x00000000000014f0       0x1c ./Core/Src/formula.o
 .debug_macro   0x000000000000150c      0x12a ./Core/Src/formula.o
 .debug_macro   0x0000000000001636       0x10 ./Core/Src/formula.o
 .debug_macro   0x0000000000001646       0x6a ./Core/Src/formula.o
 .debug_macro   0x00000000000016b0       0x1c ./Core/Src/formula.o
 .debug_macro   0x00000000000016cc       0x52 ./Core/Src/formula.o
 .debug_macro   0x000000000000171e       0x22 ./Core/Src/formula.o
 .debug_macro   0x0000000000001740       0x10 ./Core/Src/formula.o
 .debug_macro   0x0000000000001750       0x40 ./Core/Src/formula.o
 .debug_macro   0x0000000000001790       0xd5 ./Core/Src/formula.o
 .debug_macro   0x0000000000001865       0x1c ./Core/Src/formula.o
 .debug_macro   0x0000000000001881       0x3d ./Core/Src/formula.o
 .debug_macro   0x00000000000018be       0x16 ./Core/Src/formula.o
 .debug_macro   0x00000000000018d4      0x145 ./Core/Src/formula.o
 .debug_macro   0x0000000000001a19       0x16 ./Core/Src/formula.o
 .debug_macro   0x0000000000001a2f       0x35 ./Core/Src/formula.o
 .debug_macro   0x0000000000001a64       0x20 ./Core/Src/formula.o
 .debug_macro   0x0000000000001a84      0x103 ./Core/Src/formula.o
 .debug_macro   0x0000000000001b87      0x1df ./Core/Src/formula.o
 .debug_macro   0x0000000000001d66      0x1a9 ./Core/Src/formula.o
 .debug_macro   0x0000000000001f0f      0x386 ./Core/Src/main.o
 .debug_macro   0x0000000000002295      0x157 ./Core/Src/main.o
 .debug_macro   0x00000000000023ec       0x2e ./Core/Src/main.o
 .debug_macro   0x000000000000241a       0x28 ./Core/Src/main.o
 .debug_macro   0x0000000000002442       0x8e ./Core/Src/main.o
 .debug_macro   0x00000000000024d0       0x51 ./Core/Src/main.o
 .debug_macro   0x0000000000002521       0x1c ./Core/Src/main.o
 .debug_macro   0x000000000000253d       0x22 ./Core/Src/main.o
 .debug_macro   0x000000000000255f       0xdf ./Core/Src/main.o
 .debug_macro   0x000000000000263e      0xf07 ./Core/Src/main.o
 .debug_macro   0x0000000000003545    0x1585b ./Core/Src/main.o
 .debug_macro   0x0000000000018da0       0x6d ./Core/Src/main.o
 .debug_macro   0x0000000000018e0d     0x3540 ./Core/Src/main.o
 .debug_macro   0x000000000001c34d      0x174 ./Core/Src/main.o
 .debug_macro   0x000000000001c4c1       0x55 ./Core/Src/main.o
 .debug_macro   0x000000000001c516      0x8f9 ./Core/Src/main.o
 .debug_macro   0x000000000001ce0f      0x358 ./Core/Src/main.o
 .debug_macro   0x000000000001d167      0x1b6 ./Core/Src/main.o
 .debug_macro   0x000000000001d31d      0x130 ./Core/Src/main.o
 .debug_macro   0x000000000001d44d      0x1d5 ./Core/Src/main.o
 .debug_macro   0x000000000001d622      0x1bc ./Core/Src/main.o
 .debug_macro   0x000000000001d7de       0x34 ./Core/Src/main.o
 .debug_macro   0x000000000001d812       0x3c ./Core/Src/main.o
 .debug_macro   0x000000000001d84e       0x57 ./Core/Src/main.o
 .debug_macro   0x000000000001d8a5      0x845 ./Core/Src/main.o
 .debug_macro   0x000000000001e0ea       0x77 ./Core/Src/main.o
 .debug_macro   0x000000000001e161       0xc5 ./Core/Src/main.o
 .debug_macro   0x000000000001e226      0x19f ./Core/Src/main.o
 .debug_macro   0x000000000001e3c5      0x22c ./Core/Src/main.o
 .debug_macro   0x000000000001e5f1       0x5b ./Core/Src/main.o
 .debug_macro   0x000000000001e64c       0xa5 ./Core/Src/main.o
 .debug_macro   0x000000000001e6f1       0x81 ./Core/Src/main.o
 .debug_macro   0x000000000001e772       0xd3 ./Core/Src/main.o
 .debug_macro   0x000000000001e845      0xa3d ./Core/Src/main.o
 .debug_macro   0x000000000001f282       0x59 ./Core/Src/main.o
 .debug_macro   0x000000000001f2db      0x2a1 ./Core/Src/main.o
 .debug_macro   0x000000000001f57c       0x64 ./Core/Src/main.o
 .debug_macro   0x000000000001f5e0       0x52 ./Core/Src/main.o
 .debug_macro   0x000000000001f632      0x333 ./Core/Src/main.o
 .debug_macro   0x000000000001f965      0x1da ./Core/Src/stm32f3xx_hal_msp.o
 .debug_macro   0x000000000001fb3f      0x1e4 ./Core/Src/stm32f3xx_it.o
 .debug_macro   0x000000000001fd23      0x1cb ./Core/Src/system_stm32f3xx.o
 .debug_macro   0x000000000001feee      0x1ef ./Drivers/STM32F3xx_HAL_Driver/Src/stm32f3xx_hal.o
 .debug_macro   0x00000000000200dd      0x1cc ./Drivers/STM32F3xx_HAL_Driver/Src/stm32f3xx_hal_adc.o
 .debug_macro   0x00000000000202a9      0x1f5 ./Drivers/STM32F3xx_HAL_Driver/Src/stm32f3xx_hal_adc_ex.o
 .debug_macro   0x000000000002049e      0x1cb ./Drivers/STM32F3xx_HAL_Driver/Src/stm32f3xx_hal_cortex.o
 .debug_macro   0x0000000000020669      0x1cb ./Drivers/STM32F3xx_HAL_Driver/Src/stm32f3xx_hal_dma.o
 .debug_macro   0x0000000000020834      0x1d2 ./Drivers/STM32F3xx_HAL_Driver/Src/stm32f3xx_hal_gpio.o
 .debug_macro   0x0000000000020a06      0x1ef ./Drivers/STM32F3xx_HAL_Driver/Src/stm32f3xx_hal_rcc.o
 .debug_macro   0x0000000000020bf5      0x1cb ./Drivers/STM32F3xx_HAL_Driver/Src/stm32f3xx_hal_rcc_ex.o
 .debug_macro   0x0000000000020dc0      0x1cc ./Drivers/STM32F3xx_HAL_Driver/Src/stm32f3xx_hal_tim.o
 .debug_macro   0x0000000000020f8c      0x1cb ./Drivers/STM32F3xx_HAL_Driver/Src/stm32f3xx_hal_tim_ex.o

.debug_line     0x0000000000000000     0xf326
 .debug_line    0x0000000000000000      0x777 ./Core/Src/formula.o
 .debug_line    0x0000000000000777      0xb36 ./Core/Src/main.o
 .debug_line    0x00000000000012ad      0x7b3 ./Core/Src/stm32f3xx_hal_msp.o
 .debug_line    0x0000000000001a60      0x7bb ./Core/Src/stm32f3xx_it.o
 .debug_line    0x000000000000221b      0x757 ./Core/Src/system_stm32f3xx.o
 .debug_line    0x0000000000002972       0x88 ./Core/Startup/startup_stm32f334r8tx.o
 .debug_line    0x00000000000029fa      0x98c ./Drivers/STM32F3xx_HAL_Driver/Src/stm32f3xx_hal.o
 .debug_line    0x0000000000003386      0x8d0 ./Drivers/STM32F3xx_HAL_Driver/Src/stm32f3xx_hal_adc.o
 .debug_line    0x0000000000003c56     0x207b ./Drivers/STM32F3xx_HAL_Driver/Src/stm32f3xx_hal_adc_ex.o
 .debug_line    0x0000000000005cd1      0xb74 ./Drivers/STM32F3xx_HAL_Driver/Src/stm32f3xx_hal_cortex.o
 .debug_line    0x0000000000006845      0xc7a ./Drivers/STM32F3xx_HAL_Driver/Src/stm32f3xx_hal_dma.o
 .debug_line    0x00000000000074bf      0xad9 ./Drivers/STM32F3xx_HAL_Driver/Src/stm32f3xx_hal_gpio.o
 .debug_line    0x0000000000007f98     0x1366 ./Drivers/STM32F3xx_HAL_Driver/Src/stm32f3xx_hal_rcc.o
 .debug_line    0x00000000000092fe      0xa78 ./Drivers/STM32F3xx_HAL_Driver/Src/stm32f3xx_hal_rcc_ex.o
 .debug_line    0x0000000000009d76     0x3bb1 ./Drivers/STM32F3xx_HAL_Driver/Src/stm32f3xx_hal_tim.o
 .debug_line    0x000000000000d927     0x19ff ./Drivers/STM32F3xx_HAL_Driver/Src/stm32f3xx_hal_tim_ex.o

.debug_str      0x0000000000000000    0xc6a23
 .debug_str     0x0000000000000000     0x87f5 ./Core/Src/formula.o
                                       0x8a94 (size before relaxing)
 .debug_str     0x00000000000087f5    0xbb729 ./Core/Src/main.o
                                      0xc437d (size before relaxing)
 .debug_str     0x00000000000c3f1e       0x9f ./Core/Src/stm32f3xx_hal_msp.o
                                      0xbf277 (size before relaxing)
 .debug_str     0x00000000000c3fbd       0xd6 ./Core/Src/stm32f3xx_it.o
                                      0xbec34 (size before relaxing)
 .debug_str     0x00000000000c4093       0xb3 ./Core/Src/system_stm32f3xx.o
                                      0xbe921 (size before relaxing)
 .debug_str     0x00000000000c4146       0x36 ./Core/Startup/startup_stm32f334r8tx.o
                                         0x55 (size before relaxing)
 .debug_str     0x00000000000c417c      0x317 ./Drivers/STM32F3xx_HAL_Driver/Src/stm32f3xx_hal.o
                                      0xbefe7 (size before relaxing)
 .debug_str     0x00000000000c4493      0x232 ./Drivers/STM32F3xx_HAL_Driver/Src/stm32f3xx_hal_adc.o
                                      0xbef4c (size before relaxing)
 .debug_str     0x00000000000c46c5      0x6ba ./Drivers/STM32F3xx_HAL_Driver/Src/stm32f3xx_hal_adc_ex.o
                                      0xbf579 (size before relaxing)
 .debug_str     0x00000000000c4d7f      0x284 ./Drivers/STM32F3xx_HAL_Driver/Src/stm32f3xx_hal_cortex.o
                                      0xbefc8 (size before relaxing)
 .debug_str     0x00000000000c5003      0x24d ./Drivers/STM32F3xx_HAL_Driver/Src/stm32f3xx_hal_dma.o
                                      0xbec9b (size before relaxing)
 .debug_str     0x00000000000c5250      0x195 ./Drivers/STM32F3xx_HAL_Driver/Src/stm32f3xx_hal_gpio.o
                                      0xbeb3e (size before relaxing)
 .debug_str     0x00000000000c53e5      0x2f0 ./Drivers/STM32F3xx_HAL_Driver/Src/stm32f3xx_hal_rcc.o
                                      0xbed8f (size before relaxing)
 .debug_str     0x00000000000c56d5       0xd8 ./Drivers/STM32F3xx_HAL_Driver/Src/stm32f3xx_hal_rcc_ex.o
                                      0xbeab8 (size before relaxing)
 .debug_str     0x00000000000c57ad      0xde2 ./Drivers/STM32F3xx_HAL_Driver/Src/stm32f3xx_hal_tim.o
                                      0xbfce4 (size before relaxing)
 .debug_str     0x00000000000c658f      0x494 ./Drivers/STM32F3xx_HAL_Driver/Src/stm32f3xx_hal_tim_ex.o
                                      0xbf4e8 (size before relaxing)

.comment        0x0000000000000000       0x53
 .comment       0x0000000000000000       0x53 ./Core/Src/formula.o
                                         0x54 (size before relaxing)
 .comment       0x0000000000000053       0x54 ./Core/Src/main.o
 .comment       0x0000000000000053       0x54 ./Core/Src/stm32f3xx_hal_msp.o
 .comment       0x0000000000000053       0x54 ./Core/Src/stm32f3xx_it.o
 .comment       0x0000000000000053       0x54 ./Core/Src/system_stm32f3xx.o
 .comment       0x0000000000000053       0x54 ./Drivers/STM32F3xx_HAL_Driver/Src/stm32f3xx_hal.o
 .comment       0x0000000000000053       0x54 ./Drivers/STM32F3xx_HAL_Driver/Src/stm32f3xx_hal_adc.o
 .comment       0x0000000000000053       0x54 ./Drivers/STM32F3xx_HAL_Driver/Src/stm32f3xx_hal_adc_ex.o
 .comment       0x0000000000000053       0x54 ./Drivers/STM32F3xx_HAL_Driver/Src/stm32f3xx_hal_cortex.o
 .comment       0x0000000000000053       0x54 ./Drivers/STM32F3xx_HAL_Driver/Src/stm32f3xx_hal_dma.o
 .comment       0x0000000000000053       0x54 ./Drivers/STM32F3xx_HAL_Driver/Src/stm32f3xx_hal_gpio.o
 .comment       0x0000000000000053       0x54 ./Drivers/STM32F3xx_HAL_Driver/Src/stm32f3xx_hal_rcc.o
 .comment       0x0000000000000053       0x54 ./Drivers/STM32F3xx_HAL_Driver/Src/stm32f3xx_hal_rcc_ex.o
 .comment       0x0000000000000053       0x54 ./Drivers/STM32F3xx_HAL_Driver/Src/stm32f3xx_hal_tim.o
 .comment       0x0000000000000053       0x54 ./Drivers/STM32F3xx_HAL_Driver/Src/stm32f3xx_hal_tim_ex.o

.debug_frame    0x0000000000000000     0x3738
 .debug_frame   0x0000000000000000      0x190 ./Core/Src/formula.o
 .debug_frame   0x0000000000000190      0x120 ./Core/Src/main.o
 .debug_frame   0x00000000000002b0       0xf0 ./Core/Src/stm32f3xx_hal_msp.o
 .debug_frame   0x00000000000003a0      0x120 ./Core/Src/stm32f3xx_it.o
 .debug_frame   0x00000000000004c0       0x58 ./Core/Src/system_stm32f3xx.o
 .debug_frame   0x0000000000000518      0x334 ./Drivers/STM32F3xx_HAL_Driver/Src/stm32f3xx_hal.o
 .debug_frame   0x000000000000084c      0x380 ./Drivers/STM32F3xx_HAL_Driver/Src/stm32f3xx_hal_adc.o
 .debug_frame   0x0000000000000bcc      0x638 ./Drivers/STM32F3xx_HAL_Driver/Src/stm32f3xx_hal_adc_ex.o
 .debug_frame   0x0000000000001204      0x428 ./Drivers/STM32F3xx_HAL_Driver/Src/stm32f3xx_hal_cortex.o
 .debug_frame   0x000000000000162c      0x224 ./Drivers/STM32F3xx_HAL_Driver/Src/stm32f3xx_hal_dma.o
 .debug_frame   0x0000000000001850      0x14c ./Drivers/STM32F3xx_HAL_Driver/Src/stm32f3xx_hal_gpio.o
 .debug_frame   0x000000000000199c      0x214 ./Drivers/STM32F3xx_HAL_Driver/Src/stm32f3xx_hal_rcc.o
 .debug_frame   0x0000000000001bb0       0xb4 ./Drivers/STM32F3xx_HAL_Driver/Src/stm32f3xx_hal_rcc_ex.o
 .debug_frame   0x0000000000001c64     0x121c ./Drivers/STM32F3xx_HAL_Driver/Src/stm32f3xx_hal_tim.o
 .debug_frame   0x0000000000002e80      0x688 ./Drivers/STM32F3xx_HAL_Driver/Src/stm32f3xx_hal_tim_ex.o
 .debug_frame   0x0000000000003508       0x2c c:/st/stm32cubeide_1.7.0/stm32cubeide/plugins/com.st.stm32cube.ide.mcu.externaltools.gnu-tools-for-stm32.9-2020-q2-update.win32_2.0.0.202105311346/tools/bin/../lib/gcc/arm-none-eabi/9.3.1/../../../../arm-none-eabi/lib/thumb/v7e-m+fp/hard\libc_nano.a(lib_a-init.o)
 .debug_frame   0x0000000000003534       0x20 c:/st/stm32cubeide_1.7.0/stm32cubeide/plugins/com.st.stm32cube.ide.mcu.externaltools.gnu-tools-for-stm32.9-2020-q2-update.win32_2.0.0.202105311346/tools/bin/../lib/gcc/arm-none-eabi/9.3.1/../../../../arm-none-eabi/lib/thumb/v7e-m+fp/hard\libc_nano.a(lib_a-memset.o)
 .debug_frame   0x0000000000003554       0xac c:/st/stm32cubeide_1.7.0/stm32cubeide/plugins/com.st.stm32cube.ide.mcu.externaltools.gnu-tools-for-stm32.9-2020-q2-update.win32_2.0.0.202105311346/tools/bin/../lib/gcc/arm-none-eabi/9.3.1/thumb/v7e-m+fp/hard\libgcc.a(_arm_addsubdf3.o)
 .debug_frame   0x0000000000003600       0x50 c:/st/stm32cubeide_1.7.0/stm32cubeide/plugins/com.st.stm32cube.ide.mcu.externaltools.gnu-tools-for-stm32.9-2020-q2-update.win32_2.0.0.202105311346/tools/bin/../lib/gcc/arm-none-eabi/9.3.1/thumb/v7e-m+fp/hard\libgcc.a(_arm_muldivdf3.o)
 .debug_frame   0x0000000000003650       0xc4 c:/st/stm32cubeide_1.7.0/stm32cubeide/plugins/com.st.stm32cube.ide.mcu.externaltools.gnu-tools-for-stm32.9-2020-q2-update.win32_2.0.0.202105311346/tools/bin/../lib/gcc/arm-none-eabi/9.3.1/thumb/v7e-m+fp/hard\libgcc.a(_arm_cmpdf2.o)
 .debug_frame   0x0000000000003714       0x24 c:/st/stm32cubeide_1.7.0/stm32cubeide/plugins/com.st.stm32cube.ide.mcu.externaltools.gnu-tools-for-stm32.9-2020-q2-update.win32_2.0.0.202105311346/tools/bin/../lib/gcc/arm-none-eabi/9.3.1/thumb/v7e-m+fp/hard\libgcc.a(_arm_fixunsdfsi.o)
